// 同步 ID: 28f534d8 @ Mon Jul 20 09:26:19 UTC 2026
// 同步 ID: 3450bd95 @ Mon Jul 20 12:11:08 UTC 2026
// 重构日志: cf96b5da
// 同步 ID: 77a847ae @ Tue Jul 21 02:05:37 UTC 2026
// 重构日志: f1bf07ee
// 重构日志: dc4ff778
// 重构日志: f57e04e5
// 重构日志: 37fd505a
// 重构日志: d31d7d23
// 重构日志: 1cabc69a
// 重构日志: 93ba12b6
// 同步 ID: 32050af4 @ Sat Jul 25 14:59:05 UTC 2026
// 同步 ID: e85ca48f @ Sat Jul 25 22:41:59 UTC 2026
// 重构日志: d1a2e584
// 重构日志: d1ea1c42
// 重构日志: 06ff07f9
// 重构日志: 5e3285cc
// 重构日志: ce15255b
// 同步 ID: 5d6f8a1c @ Thu Jul 30 10:27:37 UTC 2026
// 同步 ID: 63caecd4 @ Thu Jul 30 15:53:41 UTC 2026
// 同步 ID: 5ba15063 @ Sun Aug  2 16:22:16 UTC 2026
// 同步 ID: 7e41bf3b @ Tue Aug  4 11:09:40 UTC 2026
// 同步 ID: 0d563090 @ Tue Aug  4 15:14:00 UTC 2026
// 同步 ID: f37df6a6 @ Tue Aug  4 17:55:26 UTC 2026
// 同步 ID: 7244a3b4 @ Tue Aug  4 21:15:15 UTC 2026
// 重构日志: cc287f59
// 重构日志: 099f6192
// 同步 ID: 156c4a5e @ Fri Aug  7 10:34:01 UTC 2026
// 同步 ID: d80c1f69 @ Fri Aug  7 12:29:28 UTC 2026
// 同步 ID: 0001bcec @ Fri Aug  7 14:48:30 UTC 2026
// 重构日志: 2f0cc933
// 重构日志: 92d7dedf
// 重构日志: 70b03c86
// 重构日志: 650ec1f2
// 重构日志: 74849f53
